<html>
<body>
<pre>
<h1>µVision Build Log</h1>
<h2>Project:</h2>
C:\Users\Arrow\Desktop\STM32-RTOS-Module\Project\stm32-module.uvproj
Project File Date:  04/11/2018

<h2>Output:</h2>
compiling gpio.c...
..\SYSTEM\inc\gpio.h(45): error:  #65: expected a ";"
"..\SYSTEM\src\gpio.c" - 1 Errors, 0 Warning(s).
compiling gpio.c...
"..\SYSTEM\src\gpio.c" - 0 Errors, 0 Warning(s).
compiling main.c...
..\USER\main.c(108): warning:  #223-D: function "check_key_press" declared implicitly
..\USER\main.c(134): warning:  #223-D: function "check_key_press" declared implicitly
..\USER\main.c(153): warning:  #223-D: function "check_key_press" declared implicitly
..\USER\main.c(156): error:  #20: identifier "key_buf_release" is undefined
..\USER\main.c(207): warning:  #550-D: variable "time_old" was set but never used
"..\USER\main.c" - 1 Errors, 4 Warning(s).
compiling gpio.c...
"..\SYSTEM\src\gpio.c" - 0 Errors, 0 Warning(s).
compiling main.c...
..\USER\main.c(156): error:  #20: identifier "key_buf_release" is undefined
..\USER\main.c(207): warning:  #550-D: variable "time_old" was set but never used
"..\USER\main.c" - 1 Errors, 1 Warning(s).
compiling main.c...
..\USER\main.c(206): warning:  #550-D: variable "time_old" was set but never used
"..\USER\main.c" - 0 Errors, 1 Warning(s).
Rebuild target 'Target 1'
assembling startup_stm32f10x_md.s...
compiling misc.c...
compiling stm32f10x_adc.c...
compiling stm32f10x_flash.c...
compiling stm32f10x_gpio.c...
compiling stm32f10x_iwdg.c...
compiling stm32f10x_rcc.c...
compiling stm32f10x_tim.c...
compiling stm32f10x_usart.c...
compiling gpio.c...
compiling stmflash.c...
compiling sys.c...
compiling timer.c...
compiling usart.c...
compiling wdg.c...
compiling adc.c...
compiling delay.c...
compiling main.c...
..\USER\main.c(206): warning:  #550-D: variable "time_old" was set but never used
compiling stm32f10x_it.c...
compiling OLED.c...
compiling core_cm3.c...
compiling system_stm32f10x.c...
compiling croutine.c...
compiling event_groups.c...
compiling list.c...
compiling queue.c...
compiling tasks.c...
compiling timers.c...
compiling port.c...
compiling heap_4.c...
linking...
Program Size: Code=7068 RO-data=820 RW-data=148 ZI-data=12452  
FromELF: creating hex file...
After Build - User command #1: fromelf.exe  --bin  --output  .\OUTPUT\stm32-module.bin   .\OUTPUT\stm32-module.axf
".\Output\stm32-module.axf" - 0 Errors, 1 Warning(s).
Rebuild target 'Target 1'
assembling startup_stm32f10x_md.s...
compiling misc.c...
compiling stm32f10x_adc.c...
compiling stm32f10x_flash.c...
compiling stm32f10x_gpio.c...
compiling stm32f10x_iwdg.c...
compiling stm32f10x_rcc.c...
compiling stm32f10x_tim.c...
compiling stm32f10x_usart.c...
compiling gpio.c...
compiling stmflash.c...
compiling sys.c...
compiling timer.c...
compiling usart.c...
compiling wdg.c...
compiling adc.c...
compiling delay.c...
compiling main.c...
..\USER\main.c(206): warning:  #550-D: variable "time_old" was set but never used
compiling stm32f10x_it.c...
compiling OLED.c...
compiling core_cm3.c...
compiling system_stm32f10x.c...
compiling croutine.c...
compiling event_groups.c...
compiling list.c...
compiling queue.c...
compiling tasks.c...
compiling timers.c...
compiling port.c...
compiling heap_4.c...
linking...
Program Size: Code=7096 RO-data=820 RW-data=148 ZI-data=12452  
FromELF: creating hex file...
After Build - User command #1: fromelf.exe  --bin  --output  .\OUTPUT\stm32-module.bin   .\OUTPUT\stm32-module.axf
".\Output\stm32-module.axf" - 0 Errors, 1 Warning(s).
Rebuild target 'Target 1'
assembling startup_stm32f10x_md.s...
compiling misc.c...
compiling stm32f10x_adc.c...
compiling stm32f10x_flash.c...
compiling stm32f10x_gpio.c...
compiling stm32f10x_iwdg.c...
compiling stm32f10x_rcc.c...
compiling stm32f10x_tim.c...
compiling stm32f10x_usart.c...
compiling gpio.c...
compiling stmflash.c...
compiling sys.c...
compiling timer.c...
compiling usart.c...
compiling wdg.c...
compiling adc.c...
compiling delay.c...
compiling main.c...
..\USER\main.c(228): error:  #29: expected an expression
..\USER\main.c(232): warning:  #12-D: parsing restarts here after previous syntax error
..\USER\main.c(232): error:  #65: expected a ";"
compiling stm32f10x_it.c...
compiling OLED.c...
compiling core_cm3.c...
compiling system_stm32f10x.c...
compiling croutine.c...
compiling event_groups.c...
compiling list.c...
compiling queue.c...
compiling tasks.c...
compiling timers.c...
compiling port.c...
compiling heap_4.c...
".\Output\stm32-module.axf" - 2 Errors, 1 Warning(s).
Target not created
compiling main.c...
..\USER\main.c(207): warning: C4017W: time_new may be used before being set
..\USER\main.c(205): warning: C4017W: key_num may be used before being set
..\USER\main.c(205): warning: C4017W: mode may be used before being set
"..\USER\main.c" - 0 Errors, 3 Warning(s).
Rebuild target 'Target 1'
assembling startup_stm32f10x_md.s...
compiling misc.c...
compiling stm32f10x_adc.c...
compiling stm32f10x_flash.c...
compiling stm32f10x_gpio.c...
compiling stm32f10x_iwdg.c...
compiling stm32f10x_rcc.c...
compiling stm32f10x_tim.c...
compiling stm32f10x_usart.c...
compiling gpio.c...
compiling stmflash.c...
compiling sys.c...
compiling timer.c...
compiling usart.c...
compiling wdg.c...
compiling adc.c...
compiling delay.c...
compiling main.c...
..\USER\main.c(207): warning: C4017W: time_new may be used before being set
..\USER\main.c(205): warning: C4017W: key_num may be used before being set
..\USER\main.c(205): warning: C4017W: mode may be used before being set
compiling stm32f10x_it.c...
compiling OLED.c...
compiling core_cm3.c...
compiling system_stm32f10x.c...
compiling croutine.c...
compiling event_groups.c...
compiling list.c...
compiling queue.c...
compiling tasks.c...
compiling timers.c...
compiling port.c...
compiling heap_4.c...
linking...
Program Size: Code=7148 RO-data=820 RW-data=148 ZI-data=12452  
FromELF: creating hex file...
After Build - User command #1: fromelf.exe  --bin  --output  .\OUTPUT\stm32-module.bin   .\OUTPUT\stm32-module.axf
".\Output\stm32-module.axf" - 0 Errors, 3 Warning(s).
Rebuild target 'Target 1'
assembling startup_stm32f10x_md.s...
compiling misc.c...
compiling stm32f10x_adc.c...
compiling stm32f10x_flash.c...
compiling stm32f10x_gpio.c...
compiling stm32f10x_iwdg.c...
compiling stm32f10x_rcc.c...
compiling stm32f10x_tim.c...
compiling stm32f10x_usart.c...
compiling gpio.c...
compiling stmflash.c...
compiling sys.c...
compiling timer.c...
compiling usart.c...
compiling wdg.c...
compiling adc.c...
compiling delay.c...
compiling main.c...
..\USER\main.c(219): error:  #20: identifier "time_new" is undefined
..\USER\main.c(206): warning:  #177-D: variable "time_nem" was declared but never referenced
compiling stm32f10x_it.c...
compiling OLED.c...
compiling core_cm3.c...
compiling system_stm32f10x.c...
compiling croutine.c...
compiling event_groups.c...
compiling list.c...
compiling queue.c...
compiling tasks.c...
compiling timers.c...
compiling port.c...
compiling heap_4.c...
".\Output\stm32-module.axf" - 1 Errors, 1 Warning(s).
Target not created
Rebuild target 'Target 1'
assembling startup_stm32f10x_md.s...
compiling misc.c...
compiling stm32f10x_adc.c...
compiling stm32f10x_flash.c...
compiling stm32f10x_gpio.c...
compiling stm32f10x_iwdg.c...
compiling stm32f10x_rcc.c...
compiling stm32f10x_tim.c...
compiling stm32f10x_usart.c...
compiling gpio.c...
compiling stmflash.c...
compiling sys.c...
compiling timer.c...
compiling usart.c...
compiling wdg.c...
compiling adc.c...
compiling delay.c...
compiling main.c...
..\USER\main.c(206): warning: C4017W: time_new may be used before being set
..\USER\main.c(205): warning: C4017W: key_num may be used before being set
..\USER\main.c(205): warning: C4017W: mode may be used before being set
compiling stm32f10x_it.c...
compiling OLED.c...
compiling core_cm3.c...
compiling system_stm32f10x.c...
compiling croutine.c...
compiling event_groups.c...
compiling list.c...
compiling queue.c...
compiling tasks.c...
compiling timers.c...
compiling port.c...
compiling heap_4.c...
linking...
Program Size: Code=7148 RO-data=820 RW-data=148 ZI-data=12452  
FromELF: creating hex file...
After Build - User command #1: fromelf.exe  --bin  --output  .\OUTPUT\stm32-module.bin   .\OUTPUT\stm32-module.axf
".\Output\stm32-module.axf" - 0 Errors, 3 Warning(s).
compiling main.c...
..\USER\main.c(221): error:  #20: identifier "mode" is undefined
..\USER\main.c(232): error:  #20: identifier "key_time_new" is undefined
..\USER\main.c(209): warning:  #177-D: variable "time_new" was declared but never referenced
"..\USER\main.c" - 2 Errors, 1 Warning(s).
compiling main.c...
..\USER\main.c(232): error:  #20: identifier "key_time_new" is undefined
..\USER\main.c(209): warning:  #177-D: variable "time_new" was declared but never referenced
"..\USER\main.c" - 1 Errors, 1 Warning(s).
compiling main.c...
"..\USER\main.c" - 0 Errors, 0 Warning(s).
Rebuild target 'Target 1'
assembling startup_stm32f10x_md.s...
compiling misc.c...
compiling stm32f10x_adc.c...
compiling stm32f10x_flash.c...
compiling stm32f10x_gpio.c...
compiling stm32f10x_iwdg.c...
compiling stm32f10x_rcc.c...
compiling stm32f10x_tim.c...
compiling stm32f10x_usart.c...
compiling gpio.c...
compiling stmflash.c...
compiling sys.c...
compiling timer.c...
compiling usart.c...
compiling wdg.c...
compiling adc.c...
".\Output\stm32-module.axf" - 0 Errors, 0 Warning(s).
Project build/rebuild aborted.
Rebuild target 'Target 1'
assembling startup_stm32f10x_md.s...
compiling misc.c...
compiling stm32f10x_adc.c...
compiling stm32f10x_flash.c...
compiling stm32f10x_gpio.c...
compiling stm32f10x_iwdg.c...
compiling stm32f10x_rcc.c...
compiling stm32f10x_tim.c...
compiling stm32f10x_usart.c...
compiling gpio.c...
compiling stmflash.c...
compiling sys.c...
compiling timer.c...
compiling usart.c...
compiling wdg.c...
compiling adc.c...
compiling delay.c...
compiling main.c...
compiling stm32f10x_it.c...
compiling OLED.c...
compiling core_cm3.c...
compiling system_stm32f10x.c...
compiling croutine.c...
compiling event_groups.c...
compiling list.c...
compiling queue.c...
compiling tasks.c...
compiling timers.c...
compiling port.c...
compiling heap_4.c...
linking...
Program Size: Code=7208 RO-data=820 RW-data=148 ZI-data=12452  
FromELF: creating hex file...
After Build - User command #1: fromelf.exe  --bin  --output  .\OUTPUT\stm32-module.bin   .\OUTPUT\stm32-module.axf
".\Output\stm32-module.axf" - 0 Errors, 0 Warning(s).
